// Jest Snapshot v1, https://goo.gl/fbAQLP

exports[`GraphCMSAsset should properly render an asset from GraphCMS when the asset is used as an image (<img>) when relying on default "logo" property, it should apply the internal default properties 1`] = `
<img
  alt=""
  className="asset-test"
  id="test"
  src="https://media.graphcms.com/88YmsSFsSEGI9i0qcH0V"
  style={Object {}}
  title=""
/>
`;

exports[`GraphCMSAsset should properly render an asset from GraphCMS when the asset is used as an image (<img>) when using "logo" property, it should apply the properties correctly 1`] = `
<img
  alt="Test asset"
  className="asset-test test-class1 test-class2"
  id="test"
  src="https://media.graphcms.com/88YmsSFsSEGI9i0qcH0V"
  style={
    Object {
      "paddingTop": 5,
    }
  }
  title="Test asset"
/>
`;

exports[`GraphCMSAsset should properly render an asset from GraphCMS when the asset is used as an image (<img>) when using "transformationsOverride" property, it should only use the override and ignore the default transformations 1`] = `
<img
  alt="Test asset"
  className="asset-test test-class1 test-class2"
  id="test"
  src="https://media.graphcms.com/quality=value:100/output=format:png/resize=height:300/88YmsSFsSEGI9i0qcH0V"
  style={
    Object {
      "paddingTop": 5,
    }
  }
  title="Test asset"
/>
`;

exports[`GraphCMSAsset should properly render an asset from GraphCMS when the asset is used as an image (<img>) when using a single "transformations" property, it should apply this transformation 1`] = `
<img
  alt="Test asset"
  className="asset-test test-class1 test-class2"
  id="test"
  src="https://media.graphcms.com/quality=value:100/output=format:png/resize=width:500/88YmsSFsSEGI9i0qcH0V"
  style={
    Object {
      "paddingTop": 5,
    }
  }
  title="Test asset"
/>
`;

exports[`GraphCMSAsset should properly render an asset from GraphCMS when the asset is used as an image (<img>) when using custom defaults which should be properly applied 1`] = `
<img
  alt="Test asset"
  className="asset-test test-class1 test-class2"
  id="test"
  src="https://media.graphcms.com/88YmsSFsSEGI9i0qcH0V"
  style={
    Object {
      "paddingTop": 5,
    }
  }
  title="Test asset"
/>
`;

exports[`GraphCMSAsset should properly render an asset from GraphCMS when the asset is used as an image (<img>) when using custom override when used with the "defaults" property, it should override defaults and asset properties with the overridden values 1`] = `
<img
  alt="Test asset"
  className="asset-test test-class1 test-class2"
  id="test"
  src="https://media.graphcms.com/88YmsSFsSEGI9i0qcH0V"
  style={
    Object {
      "paddingTop": 5,
    }
  }
  title="Test asset"
/>
`;

exports[`GraphCMSAsset should properly render an asset from GraphCMS when the asset is used as an image (<img>) when using custom override when used with the "logo" property, it should override the logo props with the override values 1`] = `
<img
  alt="Test asset"
  className="asset-test test-class1 test-class2"
  id="test"
  src="https://media.graphcms.com/88YmsSFsSEGI9i0qcH0V"
  style={
    Object {
      "paddingTop": 5,
    }
  }
  title="Test asset"
/>
`;

exports[`GraphCMSAsset should properly render an asset from GraphCMS when the asset is used as an image (<img>) when using multiple "transformations" properties, it should apply all transformations 1`] = `
<img
  alt="Test asset"
  className="asset-test test-class1 test-class2"
  id="test"
  src="https://media.graphcms.com/quality=value:100/output=format:png/resize=width:500,height:300/88YmsSFsSEGI9i0qcH0V"
  style={
    Object {
      "paddingTop": 5,
    }
  }
  title="Test asset"
/>
`;

exports[`GraphCMSAsset when the asset is used as a link(<a>) containing an image (<img>) when relying on default "logo" property 1`] = `
Object {
  "alt": "",
  "className": "asset-test",
  "id": "test",
  "src": "https://media.graphcms.com/88YmsSFsSEGI9i0qcH0V",
  "style": Object {},
  "title": "",
}
`;

exports[`GraphCMSAsset when the asset is used as a link(<a>) containing an image (<img>) when relying on default "logo" property 2`] = `
<a
  className="asset-link-test"
  href="https://google.com"
  id={null}
  onClick={null}
  style={Object {}}
  target="_blank"
>
  <img
    alt=""
    className="asset-test"
    id="test"
    src="https://media.graphcms.com/88YmsSFsSEGI9i0qcH0V"
    style={Object {}}
    title=""
  />
</a>
`;

exports[`GraphCMSAsset when the asset is used as a link(<a>) containing an image (<img>) when using "linkOverride" property 1`] = `
Object {
  "alt": "Test asset",
  "className": "asset-test test-class1 test-class2",
  "id": "test",
  "src": "https://media.graphcms.com/88YmsSFsSEGI9i0qcH0V",
  "style": Object {
    "paddingTop": 5,
  },
  "title": "Test asset",
}
`;

exports[`GraphCMSAsset when the asset is used as a link(<a>) containing an image (<img>) when using "linkOverride" property 2`] = `
<a
  className="asset-link-test test-class1 test-class2"
  href="https://google.com"
  id="link-test"
  onClick={null}
  style={
    Object {
      "paddingTop": 5,
    }
  }
  target="_blank"
>
  <img
    alt="Test asset"
    className="asset-test test-class1 test-class2"
    id="test"
    src="https://media.graphcms.com/88YmsSFsSEGI9i0qcH0V"
    style={
      Object {
        "paddingTop": 5,
      }
    }
    title="Test asset"
  />
</a>
`;

exports[`GraphCMSAsset when the asset is used as a link(<a>) containing an image (<img>) when using "linkOverride" property to override the link url 1`] = `
Object {
  "alt": "Test asset",
  "className": "asset-test test-class1 test-class2",
  "id": "test",
  "src": "https://media.graphcms.com/88YmsSFsSEGI9i0qcH0V",
  "style": Object {
    "paddingTop": 5,
  },
  "title": "Test asset",
}
`;

exports[`GraphCMSAsset when the asset is used as a link(<a>) containing an image (<img>) when using "linkOverride" property to override the link url 2`] = `
<a
  className="asset-link-test test-class1 test-class2"
  href="https://overridden.com"
  id="link-test"
  onClick={null}
  style={
    Object {
      "paddingTop": 5,
    }
  }
  target="_blank"
>
  <img
    alt="Test asset"
    className="asset-test test-class1 test-class2"
    id="test"
    src="https://media.graphcms.com/88YmsSFsSEGI9i0qcH0V"
    style={
      Object {
        "paddingTop": 5,
      }
    }
    title="Test asset"
  />
</a>
`;

exports[`GraphCMSAsset when the asset is used as a link(<a>) containing an image (<img>) when using "onClick" property 1`] = `
Object {
  "alt": "Test asset",
  "className": "asset-test test-class1 test-class2",
  "id": "test",
  "src": "https://media.graphcms.com/88YmsSFsSEGI9i0qcH0V",
  "style": Object {
    "paddingTop": 5,
  },
  "title": "Test asset",
}
`;

exports[`GraphCMSAsset when the asset is used as a link(<a>) containing an image (<img>) when using "onClick" property 2`] = `
<a
  className="asset-link-test test-class1 test-class2"
  href="https://overridden.com"
  id="link-test"
  onClick={[Function]}
  style={
    Object {
      "paddingTop": 5,
    }
  }
  target="_blank"
>
  <img
    alt="Test asset"
    className="asset-test test-class1 test-class2"
    id="test"
    src="https://media.graphcms.com/88YmsSFsSEGI9i0qcH0V"
    style={
      Object {
        "paddingTop": 5,
      }
    }
    title="Test asset"
  />
</a>
`;
